// Jest Snapshot v1, https://goo.gl/fbAQLP

exports[`NewsContainer renders without crashing 1`] = `ShallowWrapper {}`;
