// Jest Snapshot v1, https://goo.gl/fbAQLP

exports[`NewsArticle It should match snapshot 1`] = `ShallowWrapper {}`;

exports[`NewsArticle renders without crashing 1`] = `ShallowWrapper {}`;
