// Jest Snapshot v1, https://goo.gl/fbAQLP

exports[`Menu renders without crashing 1`] = `
<Menu
  pickNews={[MockFunction]}
/>
`;
